<?xml version="1.0" encoding="UTF-8"?>
<TestRun id="d3ccde5a-79ce-4ea4-bae5-ac09960bef80" name="game@TOSHIBA 2015-04-01 22:31:09" runUser="TOSHIBA\game" xmlns="http://microsoft.com/schemas/VisualStudio/TeamTest/2010">
  <TestSettings name="Локальные" id="f75022e1-768b-4add-842b-edbd1b735003">
    <Description>Это - параметры по умолчанию для локального тестового запуска.</Description>
    <Deployment enabled="false" runDeploymentRoot="game_TOSHIBA 2015-04-01 22_31_09">
      <DeploymentItem filename="C:\Users\game\Desktop\ОРСАПР\Motor\Motor\bin\Debug\Motor.dll" />
      <DeploymentItem filename="C:\Users\game\Desktop\ОРСАПР\Motor\TestProject1\nunit.framework.dll" />
    </Deployment>
    <Execution>
      <TestTypeSpecific />
      <AgentRule name="Execution Agents">
      </AgentRule>
    </Execution>
  </TestSettings>
  <Times creation="2015-04-01T22:31:09.6243948+06:00" queuing="2015-04-01T22:31:09.6453960+06:00" start="2015-04-01T22:31:09.7234005+06:00" finish="2015-04-01T22:31:10.1984277+06:00" />
  <ResultSummary outcome="Completed">
    <Counters total="9" executed="9" passed="9" error="0" failed="0" timeout="0" aborted="0" inconclusive="0" passedButRunAborted="0" notRunnable="0" notExecuted="0" disconnected="0" warning="0" completed="0" inProgress="0" pending="0" />
  </ResultSummary>
  <TestDefinitions>
    <UnitTest name="TestLenBox" storage="c:\users\game\desktop\орсапр\motor\testproject1\bin\debug\testproject1.dll" id="d894f7a2-fd75-4cd9-d87b-cb056685103c">
      <Execution id="b570a741-c123-48d5-98ef-2a7921d54d00" />
      <TestMethod codeBase="C:/Users/game/Desktop/ОРСАПР/Motor/TestProject1/bin/Debug/TestProject1.DLL" adapterTypeName="Microsoft.VisualStudio.TestTools.TestTypes.Unit.UnitTestAdapter, Microsoft.VisualStudio.QualityTools.Tips.UnitTest.Adapter, Version=10.0.0.0, Culture=neutral, PublicKeyToken=b03f5f7f11d50a3a" className="TestProject1.UnitTest2, TestProject1, Version=1.0.0.0, Culture=neutral, PublicKeyToken=null" name="TestLenBox" />
    </UnitTest>
    <UnitTest name="TestDiameretPorts" storage="c:\users\game\desktop\орсапр\motor\testproject1\bin\debug\testproject1.dll" id="9e9473f5-84ab-a81b-333e-9a8eed366843">
      <Execution id="98054e5b-218f-4c11-9004-e6e765422c4d" />
      <TestMethod codeBase="C:/Users/game/Desktop/ОРСАПР/Motor/TestProject1/bin/Debug/TestProject1.DLL" adapterTypeName="Microsoft.VisualStudio.TestTools.TestTypes.Unit.UnitTestAdapter, Microsoft.VisualStudio.QualityTools.Tips.UnitTest.Adapter, Version=10.0.0.0, Culture=neutral, PublicKeyToken=b03f5f7f11d50a3a" className="TestProject1.UnitTest2, TestProject1, Version=1.0.0.0, Culture=neutral, PublicKeyToken=null" name="TestDiameretPorts" />
    </UnitTest>
    <UnitTest name="TestDiamRotor" storage="c:\users\game\desktop\орсапр\motor\testproject1\bin\debug\testproject1.dll" id="233865e8-ff4c-e52e-6f26-60f0af26f47e">
      <Execution id="9eed3f8e-53e4-4f11-bb36-5781c19dce6c" />
      <TestMethod codeBase="C:/Users/game/Desktop/ОРСАПР/Motor/TestProject1/bin/Debug/TestProject1.DLL" adapterTypeName="Microsoft.VisualStudio.TestTools.TestTypes.Unit.UnitTestAdapter, Microsoft.VisualStudio.QualityTools.Tips.UnitTest.Adapter, Version=10.0.0.0, Culture=neutral, PublicKeyToken=b03f5f7f11d50a3a" className="TestProject1.UnitTest2, TestProject1, Version=1.0.0.0, Culture=neutral, PublicKeyToken=null" name="TestDiamRotor" />
    </UnitTest>
    <UnitTest name="TestDiamBox" storage="c:\users\game\desktop\орсапр\motor\testproject1\bin\debug\testproject1.dll" id="f52cb70e-b941-5f49-3b0f-9690394636c8">
      <Execution id="d6e23ecc-9dbf-4b2f-8431-91c7015fcfe7" />
      <TestMethod codeBase="C:/Users/game/Desktop/ОРСАПР/Motor/TestProject1/bin/Debug/TestProject1.DLL" adapterTypeName="Microsoft.VisualStudio.TestTools.TestTypes.Unit.UnitTestAdapter, Microsoft.VisualStudio.QualityTools.Tips.UnitTest.Adapter, Version=10.0.0.0, Culture=neutral, PublicKeyToken=b03f5f7f11d50a3a" className="TestProject1.UnitTest2, TestProject1, Version=1.0.0.0, Culture=neutral, PublicKeyToken=null" name="TestDiamBox" />
    </UnitTest>
    <UnitTest name="TestWidthFindings" storage="c:\users\game\desktop\орсапр\motor\testproject1\bin\debug\testproject1.dll" id="96712b5e-6d58-c3af-7930-b5b1d35bc293">
      <Execution id="0d773309-149d-4ef2-bd1d-962ab12f0d12" />
      <TestMethod codeBase="C:/Users/game/Desktop/ОРСАПР/Motor/TestProject1/bin/Debug/TestProject1.DLL" adapterTypeName="Microsoft.VisualStudio.TestTools.TestTypes.Unit.UnitTestAdapter, Microsoft.VisualStudio.QualityTools.Tips.UnitTest.Adapter, Version=10.0.0.0, Culture=neutral, PublicKeyToken=b03f5f7f11d50a3a" className="TestProject1.UnitTest2, TestProject1, Version=1.0.0.0, Culture=neutral, PublicKeyToken=null" name="TestWidthFindings" />
    </UnitTest>
    <UnitTest name="TestLenFindings" storage="c:\users\game\desktop\орсапр\motor\testproject1\bin\debug\testproject1.dll" id="661d95ce-17a1-3655-649a-38232d4e90d1">
      <Execution id="fc1d13ed-7cdf-4025-aeb3-48df1cb7ef1d" />
      <TestMethod codeBase="C:/Users/game/Desktop/ОРСАПР/Motor/TestProject1/bin/Debug/TestProject1.DLL" adapterTypeName="Microsoft.VisualStudio.TestTools.TestTypes.Unit.UnitTestAdapter, Microsoft.VisualStudio.QualityTools.Tips.UnitTest.Adapter, Version=10.0.0.0, Culture=neutral, PublicKeyToken=b03f5f7f11d50a3a" className="TestProject1.UnitTest2, TestProject1, Version=1.0.0.0, Culture=neutral, PublicKeyToken=null" name="TestLenFindings" />
    </UnitTest>
    <UnitTest name="TestHeightFindings" storage="c:\users\game\desktop\орсапр\motor\testproject1\bin\debug\testproject1.dll" id="a2fb677b-c560-c517-bc07-87f839c1a64c">
      <Execution id="72041ec4-7b9a-4f7c-aac1-be765fe35f1a" />
      <TestMethod codeBase="C:/Users/game/Desktop/ОРСАПР/Motor/TestProject1/bin/Debug/TestProject1.DLL" adapterTypeName="Microsoft.VisualStudio.TestTools.TestTypes.Unit.UnitTestAdapter, Microsoft.VisualStudio.QualityTools.Tips.UnitTest.Adapter, Version=10.0.0.0, Culture=neutral, PublicKeyToken=b03f5f7f11d50a3a" className="TestProject1.UnitTest2, TestProject1, Version=1.0.0.0, Culture=neutral, PublicKeyToken=null" name="TestHeightFindings" />
    </UnitTest>
    <UnitTest name="TestLenRotor" storage="c:\users\game\desktop\орсапр\motor\testproject1\bin\debug\testproject1.dll" id="b0528344-74ac-8e27-52dc-d5e79ca8bc3c">
      <Execution id="467bee10-da33-4e89-b580-55e63ebe9515" />
      <TestMethod codeBase="C:/Users/game/Desktop/ОРСАПР/Motor/TestProject1/bin/Debug/TestProject1.DLL" adapterTypeName="Microsoft.VisualStudio.TestTools.TestTypes.Unit.UnitTestAdapter, Microsoft.VisualStudio.QualityTools.Tips.UnitTest.Adapter, Version=10.0.0.0, Culture=neutral, PublicKeyToken=b03f5f7f11d50a3a" className="TestProject1.UnitTest2, TestProject1, Version=1.0.0.0, Culture=neutral, PublicKeyToken=null" name="TestLenRotor" />
    </UnitTest>
    <UnitTest name="TestLenPin" storage="c:\users\game\desktop\орсапр\motor\testproject1\bin\debug\testproject1.dll" id="8c7ebddc-e567-0d17-34d5-58cfa053d0f3">
      <Execution id="5f32e9f9-87fb-43e7-a3b4-e58ab9a3d9db" />
      <TestMethod codeBase="C:/Users/game/Desktop/ОРСАПР/Motor/TestProject1/bin/Debug/TestProject1.DLL" adapterTypeName="Microsoft.VisualStudio.TestTools.TestTypes.Unit.UnitTestAdapter, Microsoft.VisualStudio.QualityTools.Tips.UnitTest.Adapter, Version=10.0.0.0, Culture=neutral, PublicKeyToken=b03f5f7f11d50a3a" className="TestProject1.UnitTest2, TestProject1, Version=1.0.0.0, Culture=neutral, PublicKeyToken=null" name="TestLenPin" />
    </UnitTest>
  </TestDefinitions>
  <TestLists>
    <TestList name="Отсутствующие в списке результаты" id="8c84fa94-04c1-424b-9868-57a2d4851a1d" />
    <TestList name="Все загруженные результаты" id="19431567-8539-422a-85d7-44ee4e166bda" />
  </TestLists>
  <TestEntries>
    <TestEntry testId="233865e8-ff4c-e52e-6f26-60f0af26f47e" executionId="9eed3f8e-53e4-4f11-bb36-5781c19dce6c" testListId="8c84fa94-04c1-424b-9868-57a2d4851a1d" />
    <TestEntry testId="661d95ce-17a1-3655-649a-38232d4e90d1" executionId="fc1d13ed-7cdf-4025-aeb3-48df1cb7ef1d" testListId="8c84fa94-04c1-424b-9868-57a2d4851a1d" />
    <TestEntry testId="8c7ebddc-e567-0d17-34d5-58cfa053d0f3" executionId="5f32e9f9-87fb-43e7-a3b4-e58ab9a3d9db" testListId="8c84fa94-04c1-424b-9868-57a2d4851a1d" />
    <TestEntry testId="96712b5e-6d58-c3af-7930-b5b1d35bc293" executionId="0d773309-149d-4ef2-bd1d-962ab12f0d12" testListId="8c84fa94-04c1-424b-9868-57a2d4851a1d" />
    <TestEntry testId="9e9473f5-84ab-a81b-333e-9a8eed366843" executionId="98054e5b-218f-4c11-9004-e6e765422c4d" testListId="8c84fa94-04c1-424b-9868-57a2d4851a1d" />
    <TestEntry testId="a2fb677b-c560-c517-bc07-87f839c1a64c" executionId="72041ec4-7b9a-4f7c-aac1-be765fe35f1a" testListId="8c84fa94-04c1-424b-9868-57a2d4851a1d" />
    <TestEntry testId="b0528344-74ac-8e27-52dc-d5e79ca8bc3c" executionId="467bee10-da33-4e89-b580-55e63ebe9515" testListId="8c84fa94-04c1-424b-9868-57a2d4851a1d" />
    <TestEntry testId="d894f7a2-fd75-4cd9-d87b-cb056685103c" executionId="b570a741-c123-48d5-98ef-2a7921d54d00" testListId="8c84fa94-04c1-424b-9868-57a2d4851a1d" />
    <TestEntry testId="f52cb70e-b941-5f49-3b0f-9690394636c8" executionId="d6e23ecc-9dbf-4b2f-8431-91c7015fcfe7" testListId="8c84fa94-04c1-424b-9868-57a2d4851a1d" />
  </TestEntries>
  <Results>
    <UnitTestResult executionId="9eed3f8e-53e4-4f11-bb36-5781c19dce6c" testId="233865e8-ff4c-e52e-6f26-60f0af26f47e" testName="TestDiamRotor" computerName="TOSHIBA" duration="00:00:00.0232597" startTime="2015-04-01T22:31:09.7334011+06:00" endTime="2015-04-01T22:31:10.0304181+06:00" testType="13cdc9d9-ddb5-4fa4-a97d-d965ccfc6d4b" outcome="Passed" testListId="8c84fa94-04c1-424b-9868-57a2d4851a1d" relativeResultsDirectory="9eed3f8e-53e4-4f11-bb36-5781c19dce6c">
    </UnitTestResult>
    <UnitTestResult executionId="fc1d13ed-7cdf-4025-aeb3-48df1cb7ef1d" testId="661d95ce-17a1-3655-649a-38232d4e90d1" testName="TestLenFindings" computerName="TOSHIBA" duration="00:00:00.0009054" startTime="2015-04-01T22:31:10.0364184+06:00" endTime="2015-04-01T22:31:10.0454189+06:00" testType="13cdc9d9-ddb5-4fa4-a97d-d965ccfc6d4b" outcome="Passed" testListId="8c84fa94-04c1-424b-9868-57a2d4851a1d" relativeResultsDirectory="fc1d13ed-7cdf-4025-aeb3-48df1cb7ef1d">
    </UnitTestResult>
    <UnitTestResult executionId="5f32e9f9-87fb-43e7-a3b4-e58ab9a3d9db" testId="8c7ebddc-e567-0d17-34d5-58cfa053d0f3" testName="TestLenPin" computerName="TOSHIBA" duration="00:00:00.0007098" startTime="2015-04-01T22:31:10.0704204+06:00" endTime="2015-04-01T22:31:10.0784208+06:00" testType="13cdc9d9-ddb5-4fa4-a97d-d965ccfc6d4b" outcome="Passed" testListId="8c84fa94-04c1-424b-9868-57a2d4851a1d" relativeResultsDirectory="5f32e9f9-87fb-43e7-a3b4-e58ab9a3d9db">
    </UnitTestResult>
    <UnitTestResult executionId="0d773309-149d-4ef2-bd1d-962ab12f0d12" testId="96712b5e-6d58-c3af-7930-b5b1d35bc293" testName="TestWidthFindings" computerName="TOSHIBA" duration="00:00:00.0006397" startTime="2015-04-01T22:31:10.0974219+06:00" endTime="2015-04-01T22:31:10.1044223+06:00" testType="13cdc9d9-ddb5-4fa4-a97d-d965ccfc6d4b" outcome="Passed" testListId="8c84fa94-04c1-424b-9868-57a2d4851a1d" relativeResultsDirectory="0d773309-149d-4ef2-bd1d-962ab12f0d12">
    </UnitTestResult>
    <UnitTestResult executionId="98054e5b-218f-4c11-9004-e6e765422c4d" testId="9e9473f5-84ab-a81b-333e-9a8eed366843" testName="TestDiameretPorts" computerName="TOSHIBA" duration="00:00:00.0005676" startTime="2015-04-01T22:31:10.1084225+06:00" endTime="2015-04-01T22:31:10.1174230+06:00" testType="13cdc9d9-ddb5-4fa4-a97d-d965ccfc6d4b" outcome="Passed" testListId="8c84fa94-04c1-424b-9868-57a2d4851a1d" relativeResultsDirectory="98054e5b-218f-4c11-9004-e6e765422c4d">
    </UnitTestResult>
    <UnitTestResult executionId="72041ec4-7b9a-4f7c-aac1-be765fe35f1a" testId="a2fb677b-c560-c517-bc07-87f839c1a64c" testName="TestHeightFindings" computerName="TOSHIBA" duration="00:00:00.0005902" startTime="2015-04-01T22:31:10.1214233+06:00" endTime="2015-04-01T22:31:10.1304238+06:00" testType="13cdc9d9-ddb5-4fa4-a97d-d965ccfc6d4b" outcome="Passed" testListId="8c84fa94-04c1-424b-9868-57a2d4851a1d" relativeResultsDirectory="72041ec4-7b9a-4f7c-aac1-be765fe35f1a">
    </UnitTestResult>
    <UnitTestResult executionId="467bee10-da33-4e89-b580-55e63ebe9515" testId="b0528344-74ac-8e27-52dc-d5e79ca8bc3c" testName="TestLenRotor" computerName="TOSHIBA" duration="00:00:00.0006405" startTime="2015-04-01T22:31:10.1354241+06:00" endTime="2015-04-01T22:31:10.1424245+06:00" testType="13cdc9d9-ddb5-4fa4-a97d-d965ccfc6d4b" outcome="Passed" testListId="8c84fa94-04c1-424b-9868-57a2d4851a1d" relativeResultsDirectory="467bee10-da33-4e89-b580-55e63ebe9515">
    </UnitTestResult>
    <UnitTestResult executionId="b570a741-c123-48d5-98ef-2a7921d54d00" testId="d894f7a2-fd75-4cd9-d87b-cb056685103c" testName="TestLenBox" computerName="TOSHIBA" duration="00:00:00.0007256" startTime="2015-04-01T22:31:10.1464247+06:00" endTime="2015-04-01T22:31:10.1554252+06:00" testType="13cdc9d9-ddb5-4fa4-a97d-d965ccfc6d4b" outcome="Passed" testListId="8c84fa94-04c1-424b-9868-57a2d4851a1d" relativeResultsDirectory="b570a741-c123-48d5-98ef-2a7921d54d00">
    </UnitTestResult>
    <UnitTestResult executionId="d6e23ecc-9dbf-4b2f-8431-91c7015fcfe7" testId="f52cb70e-b941-5f49-3b0f-9690394636c8" testName="TestDiamBox" computerName="TOSHIBA" duration="00:00:00.0006150" startTime="2015-04-01T22:31:10.1594254+06:00" endTime="2015-04-01T22:31:10.1674259+06:00" testType="13cdc9d9-ddb5-4fa4-a97d-d965ccfc6d4b" outcome="Passed" testListId="8c84fa94-04c1-424b-9868-57a2d4851a1d" relativeResultsDirectory="d6e23ecc-9dbf-4b2f-8431-91c7015fcfe7">
    </UnitTestResult>
  </Results>
</TestRun>