<?xml version="1.0" encoding="UTF-8"?>
<TestRun id="74290815-0998-423e-97fe-b8a828fc5149" name="game@TOSHIBA 2015-04-01 22:48:38" runUser="TOSHIBA\game" xmlns="http://microsoft.com/schemas/VisualStudio/TeamTest/2010">
  <TestSettings name="Локальные" id="f75022e1-768b-4add-842b-edbd1b735003">
    <Description>Это - параметры по умолчанию для локального тестового запуска.</Description>
    <Deployment enabled="false" runDeploymentRoot="game_TOSHIBA 2015-04-01 22_48_38">
      <DeploymentItem filename="C:\Users\game\Desktop\ОРСАПР\Motor\Motor\bin\Debug\Motor.dll" />
      <DeploymentItem filename="C:\Users\game\Desktop\ОРСАПР\Motor\TestProject1\nunit.framework.dll" />
    </Deployment>
    <Execution>
      <TestTypeSpecific />
      <AgentRule name="Execution Agents">
      </AgentRule>
    </Execution>
  </TestSettings>
  <Times creation="2015-04-01T22:48:38.5593905+06:00" queuing="2015-04-01T22:48:38.5833919+06:00" start="2015-04-01T22:48:38.5963926+06:00" finish="2015-04-01T22:48:38.9634136+06:00" />
  <ResultSummary outcome="Completed">
    <Counters total="1" executed="1" passed="1" error="0" failed="0" timeout="0" aborted="0" inconclusive="0" passedButRunAborted="0" notRunnable="0" notExecuted="0" disconnected="0" warning="0" completed="0" inProgress="0" pending="0" />
  </ResultSummary>
  <TestDefinitions>
    <UnitTest name="TestCountGrille" storage="c:\users\game\desktop\орсапр\motor\testproject1\bin\debug\testproject1.dll" id="822bca7d-0f09-dd03-fd41-cb9f76f22cdb">
      <Execution id="80f09f3a-9c0d-4210-9798-d885c2dcf166" />
      <TestMethod codeBase="C:/Users/game/Desktop/ОРСАПР/Motor/TestProject1/bin/Debug/TestProject1.DLL" adapterTypeName="Microsoft.VisualStudio.TestTools.TestTypes.Unit.UnitTestAdapter, Microsoft.VisualStudio.QualityTools.Tips.UnitTest.Adapter, Version=10.0.0.0, Culture=neutral, PublicKeyToken=b03f5f7f11d50a3a" className="TestProject1.UnitTest2, TestProject1, Version=1.0.0.0, Culture=neutral, PublicKeyToken=null" name="TestCountGrille" />
    </UnitTest>
  </TestDefinitions>
  <TestLists>
    <TestList name="Отсутствующие в списке результаты" id="8c84fa94-04c1-424b-9868-57a2d4851a1d" />
    <TestList name="Все загруженные результаты" id="19431567-8539-422a-85d7-44ee4e166bda" />
  </TestLists>
  <TestEntries>
    <TestEntry testId="822bca7d-0f09-dd03-fd41-cb9f76f22cdb" executionId="80f09f3a-9c0d-4210-9798-d885c2dcf166" testListId="8c84fa94-04c1-424b-9868-57a2d4851a1d" />
  </TestEntries>
  <Results>
    <UnitTestResult executionId="80f09f3a-9c0d-4210-9798-d885c2dcf166" testId="822bca7d-0f09-dd03-fd41-cb9f76f22cdb" testName="TestCountGrille" computerName="TOSHIBA" duration="00:00:00.0224470" startTime="2015-04-01T22:48:38.6093933+06:00" endTime="2015-04-01T22:48:38.9414123+06:00" testType="13cdc9d9-ddb5-4fa4-a97d-d965ccfc6d4b" outcome="Passed" testListId="8c84fa94-04c1-424b-9868-57a2d4851a1d" relativeResultsDirectory="80f09f3a-9c0d-4210-9798-d885c2dcf166">
    </UnitTestResult>
  </Results>
</TestRun>