<?xml version="1.0" encoding="UTF-8"?>
<TestRun id="d4aed7fd-92b9-4f74-b69d-b961dfde7305" name="game@TOSHIBA 2015-04-02 13:46:23" runUser="TOSHIBA\game" xmlns="http://microsoft.com/schemas/VisualStudio/TeamTest/2010">
  <TestSettings name="Локальные" id="f75022e1-768b-4add-842b-edbd1b735003">
    <Description>Это - параметры по умолчанию для локального тестового запуска.</Description>
    <Deployment enabled="false" runDeploymentRoot="game_TOSHIBA 2015-04-02 13_46_23">
      <DeploymentItem filename="C:\Users\game\Desktop\ОРСАПР\Motor\TestProject1\nunit.framework.dll" />
      <DeploymentItem filename="C:\Users\game\Desktop\ОРСАПР\Motor\Motor\bin\Debug\Motor.dll" />
    </Deployment>
    <Execution>
      <TestTypeSpecific />
      <AgentRule name="Execution Agents">
      </AgentRule>
    </Execution>
  </TestSettings>
  <Times creation="2015-04-02T13:46:23.9536740+06:00" queuing="2015-04-02T13:46:23.9876759+06:00" start="2015-04-02T13:46:23.9966764+06:00" finish="2015-04-02T13:46:24.3276953+06:00" />
  <ResultSummary outcome="Completed">
    <Counters total="1" executed="1" passed="1" error="0" failed="0" timeout="0" aborted="0" inconclusive="0" passedButRunAborted="0" notRunnable="0" notExecuted="0" disconnected="0" warning="0" completed="0" inProgress="0" pending="0" />
  </ResultSummary>
  <TestDefinitions>
    <UnitTest name="TestLenBox" storage="c:\users\game\desktop\орсапр\motor\testproject1\bin\debug\testproject1.dll" id="4228280f-e859-0bbe-87bc-619c02a926d3">
      <Execution id="9792f2c1-7fb0-4e1d-8b7c-c5d0a0d73544" />
      <TestMethod codeBase="C:/Users/game/Desktop/ОРСАПР/Motor/TestProject1/bin/Debug/TestProject1.DLL" adapterTypeName="Microsoft.VisualStudio.TestTools.TestTypes.Unit.UnitTestAdapter, Microsoft.VisualStudio.QualityTools.Tips.UnitTest.Adapter, Version=10.0.0.0, Culture=neutral, PublicKeyToken=b03f5f7f11d50a3a" className="TestProject.UnitTest, TestProject1, Version=1.0.0.0, Culture=neutral, PublicKeyToken=null" name="TestLenBox" />
    </UnitTest>
  </TestDefinitions>
  <TestLists>
    <TestList name="Отсутствующие в списке результаты" id="8c84fa94-04c1-424b-9868-57a2d4851a1d" />
    <TestList name="Все загруженные результаты" id="19431567-8539-422a-85d7-44ee4e166bda" />
  </TestLists>
  <TestEntries>
    <TestEntry testId="4228280f-e859-0bbe-87bc-619c02a926d3" executionId="9792f2c1-7fb0-4e1d-8b7c-c5d0a0d73544" testListId="8c84fa94-04c1-424b-9868-57a2d4851a1d" />
  </TestEntries>
  <Results>
    <UnitTestResult executionId="9792f2c1-7fb0-4e1d-8b7c-c5d0a0d73544" testId="4228280f-e859-0bbe-87bc-619c02a926d3" testName="TestLenBox" computerName="TOSHIBA" duration="00:00:00.0182072" startTime="2015-04-02T13:46:24.0066770+06:00" endTime="2015-04-02T13:46:24.3106944+06:00" testType="13cdc9d9-ddb5-4fa4-a97d-d965ccfc6d4b" outcome="Passed" testListId="8c84fa94-04c1-424b-9868-57a2d4851a1d" relativeResultsDirectory="9792f2c1-7fb0-4e1d-8b7c-c5d0a0d73544">
    </UnitTestResult>
  </Results>
</TestRun>