<?xml version="1.0" encoding="UTF-8"?>
<TestRun id="7e808a09-870b-4cb7-b37f-36c8f946d54a" name="game@TOSHIBA 2015-04-01 22:28:13" runUser="TOSHIBA\game" xmlns="http://microsoft.com/schemas/VisualStudio/TeamTest/2010">
  <TestSettings name="Локальные" id="f75022e1-768b-4add-842b-edbd1b735003">
    <Description>Это - параметры по умолчанию для локального тестового запуска.</Description>
    <Deployment enabled="false" runDeploymentRoot="game_TOSHIBA 2015-04-01 22_28_13">
      <DeploymentItem filename="C:\Users\game\Desktop\ОРСАПР\Motor\Motor\bin\Debug\Motor.dll" />
      <DeploymentItem filename="C:\Users\game\Desktop\ОРСАПР\Motor\TestProject1\nunit.framework.dll" />
    </Deployment>
    <Execution>
      <TestTypeSpecific />
      <AgentRule name="Execution Agents">
      </AgentRule>
    </Execution>
  </TestSettings>
  <Times creation="2015-04-01T22:28:13.8733425+06:00" queuing="2015-04-01T22:28:13.8933436+06:00" start="2015-04-01T22:28:13.9113446+06:00" finish="2015-04-01T22:28:14.2603646+06:00" />
  <ResultSummary outcome="Completed">
    <Counters total="5" executed="5" passed="5" error="0" failed="0" timeout="0" aborted="0" inconclusive="0" passedButRunAborted="0" notRunnable="0" notExecuted="0" disconnected="0" warning="0" completed="0" inProgress="0" pending="0" />
  </ResultSummary>
  <TestDefinitions>
    <UnitTest name="TestLenPin" storage="c:\users\game\desktop\орсапр\motor\testproject1\bin\debug\testproject1.dll" id="8c7ebddc-e567-0d17-34d5-58cfa053d0f3">
      <Execution id="83905b49-9933-4240-bf4f-7ab265989d7c" />
      <TestMethod codeBase="C:/Users/game/Desktop/ОРСАПР/Motor/TestProject1/bin/Debug/TestProject1.DLL" adapterTypeName="Microsoft.VisualStudio.TestTools.TestTypes.Unit.UnitTestAdapter, Microsoft.VisualStudio.QualityTools.Tips.UnitTest.Adapter, Version=10.0.0.0, Culture=neutral, PublicKeyToken=b03f5f7f11d50a3a" className="TestProject1.UnitTest2, TestProject1, Version=1.0.0.0, Culture=neutral, PublicKeyToken=null" name="TestLenPin" />
    </UnitTest>
    <UnitTest name="TestLenBox" storage="c:\users\game\desktop\орсапр\motor\testproject1\bin\debug\testproject1.dll" id="d894f7a2-fd75-4cd9-d87b-cb056685103c">
      <Execution id="acc0a10f-dbbe-4d95-9a92-099b25e3118a" />
      <TestMethod codeBase="C:/Users/game/Desktop/ОРСАПР/Motor/TestProject1/bin/Debug/TestProject1.DLL" adapterTypeName="Microsoft.VisualStudio.TestTools.TestTypes.Unit.UnitTestAdapter, Microsoft.VisualStudio.QualityTools.Tips.UnitTest.Adapter, Version=10.0.0.0, Culture=neutral, PublicKeyToken=b03f5f7f11d50a3a" className="TestProject1.UnitTest2, TestProject1, Version=1.0.0.0, Culture=neutral, PublicKeyToken=null" name="TestLenBox" />
    </UnitTest>
    <UnitTest name="TestDiamBox" storage="c:\users\game\desktop\орсапр\motor\testproject1\bin\debug\testproject1.dll" id="f52cb70e-b941-5f49-3b0f-9690394636c8">
      <Execution id="1696d6ba-380a-4f3c-bba4-41dc4029f610" />
      <TestMethod codeBase="C:/Users/game/Desktop/ОРСАПР/Motor/TestProject1/bin/Debug/TestProject1.DLL" adapterTypeName="Microsoft.VisualStudio.TestTools.TestTypes.Unit.UnitTestAdapter, Microsoft.VisualStudio.QualityTools.Tips.UnitTest.Adapter, Version=10.0.0.0, Culture=neutral, PublicKeyToken=b03f5f7f11d50a3a" className="TestProject1.UnitTest2, TestProject1, Version=1.0.0.0, Culture=neutral, PublicKeyToken=null" name="TestDiamBox" />
    </UnitTest>
    <UnitTest name="TestDiamRotor" storage="c:\users\game\desktop\орсапр\motor\testproject1\bin\debug\testproject1.dll" id="233865e8-ff4c-e52e-6f26-60f0af26f47e">
      <Execution id="7991ccf4-d751-48c1-b3b8-1b87e21bd998" />
      <TestMethod codeBase="C:/Users/game/Desktop/ОРСАПР/Motor/TestProject1/bin/Debug/TestProject1.DLL" adapterTypeName="Microsoft.VisualStudio.TestTools.TestTypes.Unit.UnitTestAdapter, Microsoft.VisualStudio.QualityTools.Tips.UnitTest.Adapter, Version=10.0.0.0, Culture=neutral, PublicKeyToken=b03f5f7f11d50a3a" className="TestProject1.UnitTest2, TestProject1, Version=1.0.0.0, Culture=neutral, PublicKeyToken=null" name="TestDiamRotor" />
    </UnitTest>
    <UnitTest name="TestLenRotor" storage="c:\users\game\desktop\орсапр\motor\testproject1\bin\debug\testproject1.dll" id="b0528344-74ac-8e27-52dc-d5e79ca8bc3c">
      <Execution id="58d9132d-ed39-4bd3-bd99-dff3897d2898" />
      <TestMethod codeBase="C:/Users/game/Desktop/ОРСАПР/Motor/TestProject1/bin/Debug/TestProject1.DLL" adapterTypeName="Microsoft.VisualStudio.TestTools.TestTypes.Unit.UnitTestAdapter, Microsoft.VisualStudio.QualityTools.Tips.UnitTest.Adapter, Version=10.0.0.0, Culture=neutral, PublicKeyToken=b03f5f7f11d50a3a" className="TestProject1.UnitTest2, TestProject1, Version=1.0.0.0, Culture=neutral, PublicKeyToken=null" name="TestLenRotor" />
    </UnitTest>
  </TestDefinitions>
  <TestLists>
    <TestList name="Отсутствующие в списке результаты" id="8c84fa94-04c1-424b-9868-57a2d4851a1d" />
    <TestList name="Все загруженные результаты" id="19431567-8539-422a-85d7-44ee4e166bda" />
  </TestLists>
  <TestEntries>
    <TestEntry testId="233865e8-ff4c-e52e-6f26-60f0af26f47e" executionId="7991ccf4-d751-48c1-b3b8-1b87e21bd998" testListId="8c84fa94-04c1-424b-9868-57a2d4851a1d" />
    <TestEntry testId="8c7ebddc-e567-0d17-34d5-58cfa053d0f3" executionId="83905b49-9933-4240-bf4f-7ab265989d7c" testListId="8c84fa94-04c1-424b-9868-57a2d4851a1d" />
    <TestEntry testId="b0528344-74ac-8e27-52dc-d5e79ca8bc3c" executionId="58d9132d-ed39-4bd3-bd99-dff3897d2898" testListId="8c84fa94-04c1-424b-9868-57a2d4851a1d" />
    <TestEntry testId="d894f7a2-fd75-4cd9-d87b-cb056685103c" executionId="acc0a10f-dbbe-4d95-9a92-099b25e3118a" testListId="8c84fa94-04c1-424b-9868-57a2d4851a1d" />
    <TestEntry testId="f52cb70e-b941-5f49-3b0f-9690394636c8" executionId="1696d6ba-380a-4f3c-bba4-41dc4029f610" testListId="8c84fa94-04c1-424b-9868-57a2d4851a1d" />
  </TestEntries>
  <Results>
    <UnitTestResult executionId="7991ccf4-d751-48c1-b3b8-1b87e21bd998" testId="233865e8-ff4c-e52e-6f26-60f0af26f47e" testName="TestDiamRotor" computerName="TOSHIBA" duration="00:00:00.0164075" startTime="2015-04-01T22:28:13.9223453+06:00" endTime="2015-04-01T22:28:14.1983610+06:00" testType="13cdc9d9-ddb5-4fa4-a97d-d965ccfc6d4b" outcome="Passed" testListId="8c84fa94-04c1-424b-9868-57a2d4851a1d" relativeResultsDirectory="7991ccf4-d751-48c1-b3b8-1b87e21bd998">
    </UnitTestResult>
    <UnitTestResult executionId="83905b49-9933-4240-bf4f-7ab265989d7c" testId="8c7ebddc-e567-0d17-34d5-58cfa053d0f3" testName="TestLenPin" computerName="TOSHIBA" duration="00:00:00.0005955" startTime="2015-04-01T22:28:14.2033613+06:00" endTime="2015-04-01T22:28:14.2113618+06:00" testType="13cdc9d9-ddb5-4fa4-a97d-d965ccfc6d4b" outcome="Passed" testListId="8c84fa94-04c1-424b-9868-57a2d4851a1d" relativeResultsDirectory="83905b49-9933-4240-bf4f-7ab265989d7c">
    </UnitTestResult>
    <UnitTestResult executionId="58d9132d-ed39-4bd3-bd99-dff3897d2898" testId="b0528344-74ac-8e27-52dc-d5e79ca8bc3c" testName="TestLenRotor" computerName="TOSHIBA" duration="00:00:00.0004849" startTime="2015-04-01T22:28:14.2193622+06:00" endTime="2015-04-01T22:28:14.2253626+06:00" testType="13cdc9d9-ddb5-4fa4-a97d-d965ccfc6d4b" outcome="Passed" testListId="8c84fa94-04c1-424b-9868-57a2d4851a1d" relativeResultsDirectory="58d9132d-ed39-4bd3-bd99-dff3897d2898">
    </UnitTestResult>
    <UnitTestResult executionId="acc0a10f-dbbe-4d95-9a92-099b25e3118a" testId="d894f7a2-fd75-4cd9-d87b-cb056685103c" testName="TestLenBox" computerName="TOSHIBA" duration="00:00:00.0005497" startTime="2015-04-01T22:28:14.2283628+06:00" endTime="2015-04-01T22:28:14.2343631+06:00" testType="13cdc9d9-ddb5-4fa4-a97d-d965ccfc6d4b" outcome="Passed" testListId="8c84fa94-04c1-424b-9868-57a2d4851a1d" relativeResultsDirectory="acc0a10f-dbbe-4d95-9a92-099b25e3118a">
    </UnitTestResult>
    <UnitTestResult executionId="1696d6ba-380a-4f3c-bba4-41dc4029f610" testId="f52cb70e-b941-5f49-3b0f-9690394636c8" testName="TestDiamBox" computerName="TOSHIBA" duration="00:00:00.0005599" startTime="2015-04-01T22:28:14.2363632+06:00" endTime="2015-04-01T22:28:14.2443637+06:00" testType="13cdc9d9-ddb5-4fa4-a97d-d965ccfc6d4b" outcome="Passed" testListId="8c84fa94-04c1-424b-9868-57a2d4851a1d" relativeResultsDirectory="1696d6ba-380a-4f3c-bba4-41dc4029f610">
    </UnitTestResult>
  </Results>
</TestRun>