<?xml version="1.0" encoding="UTF-8"?>
<TestRun id="1293f8f1-c368-4b01-ba25-5686f0edc498" name="game@TOSHIBA 2015-04-09 01:33:12" runUser="TOSHIBA\game" xmlns="http://microsoft.com/schemas/VisualStudio/TeamTest/2010">
  <TestSettings name="Локальные" id="f75022e1-768b-4add-842b-edbd1b735003">
    <Description>Это - параметры по умолчанию для локального тестового запуска.</Description>
    <Deployment enabled="false" runDeploymentRoot="game_TOSHIBA 2015-04-09 01_33_12">
      <DeploymentItem filename="C:\Users\game\Desktop\ОРСАПР\Motor\Motor\bin\Debug\Motor.dll" />
    </Deployment>
    <Execution>
      <TestTypeSpecific />
      <AgentRule name="Execution Agents">
      </AgentRule>
    </Execution>
  </TestSettings>
  <Times creation="2015-04-09T01:33:12.4876686+06:00" queuing="2015-04-09T01:33:12.5766737+06:00" start="2015-04-09T01:33:12.5846742+06:00" finish="2015-04-09T01:33:13.0006979+06:00" />
  <ResultSummary outcome="Error">
    <Counters total="1" executed="1" error="1" failed="0" timeout="0" aborted="0" inconclusive="0" passedButRunAborted="0" notRunnable="0" notExecuted="0" disconnected="0" warning="0" passed="0" completed="0" inProgress="0" pending="0" />
  </ResultSummary>
  <TestDefinitions>
    <UnitTest name="TestMethod1" storage="c:\users\game\desktop\орсапр\motor\testmotor\bin\debug\testmotor.dll" id="c42a16a9-5536-9e70-7f2a-15f7a638bb38">
      <Execution id="9252e4d2-891a-43c2-b1eb-bd59fd65ff9f" />
      <TestMethod codeBase="C:/Users/game/Desktop/ОРСАПР/Motor/TestMotor/bin/Debug/TestMotor.DLL" adapterTypeName="Microsoft.VisualStudio.TestTools.TestTypes.Unit.UnitTestAdapter, Microsoft.VisualStudio.QualityTools.Tips.UnitTest.Adapter, Version=10.0.0.0, Culture=neutral, PublicKeyToken=b03f5f7f11d50a3a" className="TestMotor.UnitTest1, TestMotor, Version=1.0.0.0, Culture=neutral, PublicKeyToken=null" name="TestMethod1" />
    </UnitTest>
  </TestDefinitions>
  <TestLists>
    <TestList name="Отсутствующие в списке результаты" id="8c84fa94-04c1-424b-9868-57a2d4851a1d" />
    <TestList name="Все загруженные результаты" id="19431567-8539-422a-85d7-44ee4e166bda" />
  </TestLists>
  <TestEntries>
    <TestEntry testId="c42a16a9-5536-9e70-7f2a-15f7a638bb38" executionId="9252e4d2-891a-43c2-b1eb-bd59fd65ff9f" testListId="8c84fa94-04c1-424b-9868-57a2d4851a1d" />
  </TestEntries>
  <Results>
    <UnitTestResult executionId="9252e4d2-891a-43c2-b1eb-bd59fd65ff9f" testId="c42a16a9-5536-9e70-7f2a-15f7a638bb38" testName="TestMethod1" computerName="TOSHIBA" startTime="2015-04-09T01:33:12.5906745+06:00" endTime="2015-04-09T01:33:12.9676961+06:00" testType="13cdc9d9-ddb5-4fa4-a97d-d965ccfc6d4b" testListId="8c84fa94-04c1-424b-9868-57a2d4851a1d" relativeResultsDirectory="9252e4d2-891a-43c2-b1eb-bd59fd65ff9f">
      <Output>
        <ErrorInfo>
          <Message>Не удается получить тип TestMotor.UnitTest1, TestMotor, Version=1.0.0.0, Culture=neutral, PublicKeyToken=null. Ошибка: System.TypeLoadException: Не удалось загрузить тип "TestMotor.UnitTest1" из сборки "TestMotor, Version=1.0.0.0, Culture=neutral, PublicKeyToken=null".
   в System.Reflection.RuntimeAssembly.GetType(RuntimeAssembly assembly, String name, Boolean throwOnError, Boolean ignoreCase, ObjectHandleOnStack type)
   в System.Reflection.RuntimeAssembly.GetType(String name, Boolean throwOnError, Boolean ignoreCase)
   в System.Reflection.Assembly.GetType(String name, Boolean throwOnError)
   в Microsoft.VisualStudio.TestTools.TestTypes.Unit.UnitTestExecuter.GetType(UnitTestElement unitTest, String type)
   в Microsoft.VisualStudio.TestTools.TestTypes.Unit.UnitTestExecuter.ResolveMethods().</Message>
        </ErrorInfo>
      </Output>
    </UnitTestResult>
  </Results>
</TestRun>