<?xml version="1.0" encoding="UTF-8"?>
<TestRun id="70cbb6da-ca0e-4054-9586-8c79f50bbe5a" name="game@TOSHIBA 2015-04-01 22:29:04" runUser="TOSHIBA\game" xmlns="http://microsoft.com/schemas/VisualStudio/TeamTest/2010">
  <TestSettings name="Локальные" id="f75022e1-768b-4add-842b-edbd1b735003">
    <Description>Это - параметры по умолчанию для локального тестового запуска.</Description>
    <Deployment enabled="false" runDeploymentRoot="game_TOSHIBA 2015-04-01 22_29_04">
      <DeploymentItem filename="C:\Users\game\Desktop\ОРСАПР\Motor\Motor\bin\Debug\Motor.dll" />
      <DeploymentItem filename="C:\Users\game\Desktop\ОРСАПР\Motor\TestProject1\nunit.framework.dll" />
    </Deployment>
    <Execution>
      <TestTypeSpecific />
      <AgentRule name="Execution Agents">
      </AgentRule>
    </Execution>
  </TestSettings>
  <Times creation="2015-04-01T22:29:04.1162162+06:00" queuing="2015-04-01T22:29:04.1412176+06:00" start="2015-04-01T22:29:04.1522182+06:00" finish="2015-04-01T22:29:04.6342458+06:00" />
  <ResultSummary outcome="Failed">
    <Counters total="6" executed="6" passed="5" error="0" failed="1" timeout="0" aborted="0" inconclusive="0" passedButRunAborted="0" notRunnable="0" notExecuted="0" disconnected="0" warning="0" completed="0" inProgress="0" pending="0" />
  </ResultSummary>
  <TestDefinitions>
    <UnitTest name="TestLenBox" storage="c:\users\game\desktop\орсапр\motor\testproject1\bin\debug\testproject1.dll" id="d894f7a2-fd75-4cd9-d87b-cb056685103c">
      <Execution id="2a32364c-4195-4daa-bdfe-45130662f9d2" />
      <TestMethod codeBase="C:/Users/game/Desktop/ОРСАПР/Motor/TestProject1/bin/Debug/TestProject1.DLL" adapterTypeName="Microsoft.VisualStudio.TestTools.TestTypes.Unit.UnitTestAdapter, Microsoft.VisualStudio.QualityTools.Tips.UnitTest.Adapter, Version=10.0.0.0, Culture=neutral, PublicKeyToken=b03f5f7f11d50a3a" className="TestProject1.UnitTest2, TestProject1, Version=1.0.0.0, Culture=neutral, PublicKeyToken=null" name="TestLenBox" />
    </UnitTest>
    <UnitTest name="TestDiamBox" storage="c:\users\game\desktop\орсапр\motor\testproject1\bin\debug\testproject1.dll" id="f52cb70e-b941-5f49-3b0f-9690394636c8">
      <Execution id="602c6201-96b6-4164-8c6e-81c857b36d1c" />
      <TestMethod codeBase="C:/Users/game/Desktop/ОРСАПР/Motor/TestProject1/bin/Debug/TestProject1.DLL" adapterTypeName="Microsoft.VisualStudio.TestTools.TestTypes.Unit.UnitTestAdapter, Microsoft.VisualStudio.QualityTools.Tips.UnitTest.Adapter, Version=10.0.0.0, Culture=neutral, PublicKeyToken=b03f5f7f11d50a3a" className="TestProject1.UnitTest2, TestProject1, Version=1.0.0.0, Culture=neutral, PublicKeyToken=null" name="TestDiamBox" />
    </UnitTest>
    <UnitTest name="TestDiamRotor" storage="c:\users\game\desktop\орсапр\motor\testproject1\bin\debug\testproject1.dll" id="233865e8-ff4c-e52e-6f26-60f0af26f47e">
      <Execution id="9146b75b-57c0-45e0-a1ee-ba646d0a908e" />
      <TestMethod codeBase="C:/Users/game/Desktop/ОРСАПР/Motor/TestProject1/bin/Debug/TestProject1.DLL" adapterTypeName="Microsoft.VisualStudio.TestTools.TestTypes.Unit.UnitTestAdapter, Microsoft.VisualStudio.QualityTools.Tips.UnitTest.Adapter, Version=10.0.0.0, Culture=neutral, PublicKeyToken=b03f5f7f11d50a3a" className="TestProject1.UnitTest2, TestProject1, Version=1.0.0.0, Culture=neutral, PublicKeyToken=null" name="TestDiamRotor" />
    </UnitTest>
    <UnitTest name="TestWidthFindings" storage="c:\users\game\desktop\орсапр\motor\testproject1\bin\debug\testproject1.dll" id="96712b5e-6d58-c3af-7930-b5b1d35bc293">
      <Execution id="51dbf504-2aec-4bd7-ad63-dde4d01819c7" />
      <TestMethod codeBase="C:/Users/game/Desktop/ОРСАПР/Motor/TestProject1/bin/Debug/TestProject1.DLL" adapterTypeName="Microsoft.VisualStudio.TestTools.TestTypes.Unit.UnitTestAdapter, Microsoft.VisualStudio.QualityTools.Tips.UnitTest.Adapter, Version=10.0.0.0, Culture=neutral, PublicKeyToken=b03f5f7f11d50a3a" className="TestProject1.UnitTest2, TestProject1, Version=1.0.0.0, Culture=neutral, PublicKeyToken=null" name="TestWidthFindings" />
    </UnitTest>
    <UnitTest name="TestLenRotor" storage="c:\users\game\desktop\орсапр\motor\testproject1\bin\debug\testproject1.dll" id="b0528344-74ac-8e27-52dc-d5e79ca8bc3c">
      <Execution id="fd1fd195-fd1e-4daa-b8f8-3ac801cec560" />
      <TestMethod codeBase="C:/Users/game/Desktop/ОРСАПР/Motor/TestProject1/bin/Debug/TestProject1.DLL" adapterTypeName="Microsoft.VisualStudio.TestTools.TestTypes.Unit.UnitTestAdapter, Microsoft.VisualStudio.QualityTools.Tips.UnitTest.Adapter, Version=10.0.0.0, Culture=neutral, PublicKeyToken=b03f5f7f11d50a3a" className="TestProject1.UnitTest2, TestProject1, Version=1.0.0.0, Culture=neutral, PublicKeyToken=null" name="TestLenRotor" />
    </UnitTest>
    <UnitTest name="TestLenPin" storage="c:\users\game\desktop\орсапр\motor\testproject1\bin\debug\testproject1.dll" id="8c7ebddc-e567-0d17-34d5-58cfa053d0f3">
      <Execution id="4ad4e1d8-66ee-4b06-9a7e-9812671888b0" />
      <TestMethod codeBase="C:/Users/game/Desktop/ОРСАПР/Motor/TestProject1/bin/Debug/TestProject1.DLL" adapterTypeName="Microsoft.VisualStudio.TestTools.TestTypes.Unit.UnitTestAdapter, Microsoft.VisualStudio.QualityTools.Tips.UnitTest.Adapter, Version=10.0.0.0, Culture=neutral, PublicKeyToken=b03f5f7f11d50a3a" className="TestProject1.UnitTest2, TestProject1, Version=1.0.0.0, Culture=neutral, PublicKeyToken=null" name="TestLenPin" />
    </UnitTest>
  </TestDefinitions>
  <TestLists>
    <TestList name="Отсутствующие в списке результаты" id="8c84fa94-04c1-424b-9868-57a2d4851a1d" />
    <TestList name="Все загруженные результаты" id="19431567-8539-422a-85d7-44ee4e166bda" />
  </TestLists>
  <TestEntries>
    <TestEntry testId="233865e8-ff4c-e52e-6f26-60f0af26f47e" executionId="9146b75b-57c0-45e0-a1ee-ba646d0a908e" testListId="8c84fa94-04c1-424b-9868-57a2d4851a1d" />
    <TestEntry testId="8c7ebddc-e567-0d17-34d5-58cfa053d0f3" executionId="4ad4e1d8-66ee-4b06-9a7e-9812671888b0" testListId="8c84fa94-04c1-424b-9868-57a2d4851a1d" />
    <TestEntry testId="96712b5e-6d58-c3af-7930-b5b1d35bc293" executionId="51dbf504-2aec-4bd7-ad63-dde4d01819c7" testListId="8c84fa94-04c1-424b-9868-57a2d4851a1d" />
    <TestEntry testId="b0528344-74ac-8e27-52dc-d5e79ca8bc3c" executionId="fd1fd195-fd1e-4daa-b8f8-3ac801cec560" testListId="8c84fa94-04c1-424b-9868-57a2d4851a1d" />
    <TestEntry testId="d894f7a2-fd75-4cd9-d87b-cb056685103c" executionId="2a32364c-4195-4daa-bdfe-45130662f9d2" testListId="8c84fa94-04c1-424b-9868-57a2d4851a1d" />
    <TestEntry testId="f52cb70e-b941-5f49-3b0f-9690394636c8" executionId="602c6201-96b6-4164-8c6e-81c857b36d1c" testListId="8c84fa94-04c1-424b-9868-57a2d4851a1d" />
  </TestEntries>
  <Results>
    <UnitTestResult executionId="9146b75b-57c0-45e0-a1ee-ba646d0a908e" testId="233865e8-ff4c-e52e-6f26-60f0af26f47e" testName="TestDiamRotor" computerName="TOSHIBA" duration="00:00:00.0169593" startTime="2015-04-01T22:29:04.1592186+06:00" endTime="2015-04-01T22:29:04.4772368+06:00" testType="13cdc9d9-ddb5-4fa4-a97d-d965ccfc6d4b" outcome="Passed" testListId="8c84fa94-04c1-424b-9868-57a2d4851a1d" relativeResultsDirectory="9146b75b-57c0-45e0-a1ee-ba646d0a908e">
    </UnitTestResult>
    <UnitTestResult executionId="4ad4e1d8-66ee-4b06-9a7e-9812671888b0" testId="8c7ebddc-e567-0d17-34d5-58cfa053d0f3" testName="TestLenPin" computerName="TOSHIBA" duration="00:00:00.0007191" startTime="2015-04-01T22:29:04.4822371+06:00" endTime="2015-04-01T22:29:04.4902376+06:00" testType="13cdc9d9-ddb5-4fa4-a97d-d965ccfc6d4b" outcome="Passed" testListId="8c84fa94-04c1-424b-9868-57a2d4851a1d" relativeResultsDirectory="4ad4e1d8-66ee-4b06-9a7e-9812671888b0">
    </UnitTestResult>
    <UnitTestResult executionId="51dbf504-2aec-4bd7-ad63-dde4d01819c7" testId="96712b5e-6d58-c3af-7930-b5b1d35bc293" testName="TestWidthFindings" computerName="TOSHIBA" duration="00:00:00.0251493" startTime="2015-04-01T22:29:04.5082386+06:00" endTime="2015-04-01T22:29:04.5392404+06:00" testType="13cdc9d9-ddb5-4fa4-a97d-d965ccfc6d4b" outcome="Failed" testListId="8c84fa94-04c1-424b-9868-57a2d4851a1d" relativeResultsDirectory="51dbf504-2aec-4bd7-ad63-dde4d01819c7">
      <Output>
        <ErrorInfo>
          <Message>Ошибка в Assert.AreEqual. Ожидается: &lt;10&gt;. Фактически: &lt;50&gt;. Тест на длину вала</Message>
          <StackTrace>   в TestProject1.UnitTest2.TestWidthFindings() в C:\Users\game\Desktop\ОРСАПР\Motor\TestProject1\UnitTest2.cs:строка 136
</StackTrace>
        </ErrorInfo>
      </Output>
    </UnitTestResult>
    <UnitTestResult executionId="fd1fd195-fd1e-4daa-b8f8-3ac801cec560" testId="b0528344-74ac-8e27-52dc-d5e79ca8bc3c" testName="TestLenRotor" computerName="TOSHIBA" duration="00:00:00.0004930" startTime="2015-04-01T22:29:04.5432406+06:00" endTime="2015-04-01T22:29:04.5492409+06:00" testType="13cdc9d9-ddb5-4fa4-a97d-d965ccfc6d4b" outcome="Passed" testListId="8c84fa94-04c1-424b-9868-57a2d4851a1d" relativeResultsDirectory="fd1fd195-fd1e-4daa-b8f8-3ac801cec560">
    </UnitTestResult>
    <UnitTestResult executionId="2a32364c-4195-4daa-bdfe-45130662f9d2" testId="d894f7a2-fd75-4cd9-d87b-cb056685103c" testName="TestLenBox" computerName="TOSHIBA" duration="00:00:00.0005007" startTime="2015-04-01T22:29:04.5542412+06:00" endTime="2015-04-01T22:29:04.5612416+06:00" testType="13cdc9d9-ddb5-4fa4-a97d-d965ccfc6d4b" outcome="Passed" testListId="8c84fa94-04c1-424b-9868-57a2d4851a1d" relativeResultsDirectory="2a32364c-4195-4daa-bdfe-45130662f9d2">
    </UnitTestResult>
    <UnitTestResult executionId="602c6201-96b6-4164-8c6e-81c857b36d1c" testId="f52cb70e-b941-5f49-3b0f-9690394636c8" testName="TestDiamBox" computerName="TOSHIBA" duration="00:00:00.0004857" startTime="2015-04-01T22:29:04.5662419+06:00" endTime="2015-04-01T22:29:04.5722423+06:00" testType="13cdc9d9-ddb5-4fa4-a97d-d965ccfc6d4b" outcome="Passed" testListId="8c84fa94-04c1-424b-9868-57a2d4851a1d" relativeResultsDirectory="602c6201-96b6-4164-8c6e-81c857b36d1c">
    </UnitTestResult>
  </Results>
</TestRun>